---
source: crates/matrix-sdk-crypto/src/session_manager/group_sessions/share_strategy.rs
expression: serialized
---
{"algorithm":"m.megolm.v1.aes-sha2","rotation_period":{"secs":604800,"nanos":0},"rotation_period_msgs":100,"history_visibility":"shared","sharing_strategy":{"DeviceBasedStrategy":{"only_allow_trusted_devices":false,"error_on_verified_user_problem":false}}}
